../Core/Src/sim7000g.c:30:6:power_on	8	static
../Core/Src/sim7000g.c:38:6:power_off	8	static
../Core/Src/sim7000g.c:43:5:check_at_response	16	static
../Core/Src/sim7000g.c:56:5:start_gsm_connection	8	static
../Core/Src/sim7000g.c:67:5:end_gsm_connection	8	static
../Core/Src/sim7000g.c:79:6:send_at	8	static
../Core/Src/sim7000g.c:84:5:set_mqtt_config	8	static
../Core/Src/sim7000g.c:128:5:start_mqtt_connection	8	static
../Core/Src/sim7000g.c:140:5:end_mqtt_connection	8	static
../Core/Src/sim7000g.c:152:5:mqtt_publish	56	dynamic
